{"version":3,"sources":["math.es.js"],"names":[],"mappings":";;;;;;SAAgB;AAAT,UAAS,GAAT,CAAa,CAAb,EAAgB,CAAhB,EAAmB;AACzB,SAAO,IAAI,CAAJ,CADkB;EAAnB;;AAIA,KAAI,kBAAK,QAAL","file":"math/math.es.js","sourcesContent":["export function sum(x, y) {\r\n\treturn x + y;\r\n}\r\n\r\nexport var pi = 3.141593;"],"sourceRoot":"/source/"}